\BOOKMARK [2][]{Outline0.1}{Abstract}{}
\BOOKMARK [2][]{Outline0.2}{Introduction}{}
\BOOKMARK [2][]{Outline0.3}{Supporting Foveal and Peripheral Cones}{}
\BOOKMARK [2][]{Outline0.4}{Sensory Surrogate}{}
\BOOKMARK [2][]{Outline0.5}{Evaluation}{}
\BOOKMARK [2][]{Outline0.6}{Further Issues}{}
\BOOKMARK [2][]{Outline0.7}{Future Work}{}
\BOOKMARK [2][]{Outline0.8}{Conclusions}{}
\BOOKMARK [2][]{Outline0.9}{Acknowledgments}{}
